{
  "definitions": ["drückt Überraschung aus"],
  "isAllowed": true
}
